   1              	# 1 "../Startup/startup_XMC4700.S"
   1              	/**************************************************************************************************
   0              	
   0              	
   0              	
   2              	 * @file     startup_XMC4700.S
   3              	 * @brief    CMSIS Core Device Startup File for Infineon XMC4700 Device Series
   4              	 * @version  V1.2
   5              	 * @date     15 Mai 2020
   6              	 *
   7              	 * @cond
   8              	 **************************************************************************************************
   9              	 * Copyright (c) 2015-2020, Infineon Technologies AG
  10              	 * All rights reserved.                        
  11              	 *                                             
  12              	 * Boost Software License - Version 1.0 - August 17th, 2003
  13              	 * 
  14              	 * Permission is hereby granted, free of charge, to any person or organization
  15              	 * obtaining a copy of the software and accompanying documentation covered by
  16              	 * this license (the "Software") to use, reproduce, display, distribute,
  17              	 * execute, and transmit the Software, and to prepare derivative works of the
  18              	 * Software, and to permit third-parties to whom the Software is furnished to
  19              	 * do so, all subject to the following:
  20              	 * 
  21              	 * The copyright notices in the Software and this entire statement, including
  22              	 * the above license grant, this restriction and the following disclaimer,
  23              	 * must be included in all copies of the Software, in whole or in part, and
  24              	 * all derivative works of the Software, unless such copies or derivative
  25              	 * works are solely in the form of machine-executable object code generated by
  26              	 * a source language processor.
  27              	 * 
  28              	 * THE SOFTWARE IS PROVIDED "AS IS", WITHOUT WARRANTY OF ANY KIND, EXPRESS OR
  29              	 * IMPLIED, INCLUDING BUT NOT LIMITED TO THE WARRANTIES OF MERCHANTABILITY,
  30              	 * FITNESS FOR A PARTICULAR PURPOSE, TITLE AND NON-INFRINGEMENT. IN NO EVENT
  31              	 * SHALL THE COPYRIGHT HOLDERS OR ANYONE DISTRIBUTING THE SOFTWARE BE LIABLE
  32              	 * FOR ANY DAMAGES OR OTHER LIABILITY, WHETHER IN CONTRACT, TORT OR OTHERWISE,
  33              	 * ARISING FROM, OUT OF OR IN CONNECTION WITH THE SOFTWARE OR THE USE OR OTHER
  34              	 * DEALINGS IN THE SOFTWARE.
  35              	 *                                                                              
  36              	 * To improve the quality of the software, users are encouraged to share 
  37              	 * modifications, enhancements or bug fixes with Infineon Technologies AG 
  38              	 * at XMCSupport@infineon.com.
  39              	 **************************************************************************************************
  40              	 *
  41              	 **************************** Change history ********************************
  42              	 * V1.0,Sep, 03, 2015 JFT:Initial version
  43              	 * V1.1,Jan, 05, 2016 JFT:Fix .reset section attributes
  44              	 * V1.2,Mai, 15, 2020 JFT:Added option (ENABLE_OWN_HANDLER) to generate a individual interrupt hand
  45              	 *
  46              	 * @endcond 
  47              	 */
  48              	
  49              	#define ENABLE_OWN_HANDLER 1
  50              	#define PORT5_BASE   (0x48028000UL)
  51              	
  52              	#define PORT5_IOCR8  (0x48028018) /*((PORT5_BASE + 0x18))*/
  53              	#define PORT5_OMR    (0x48028004)/*((PORT5_BASE + 0x04)*/
  54              	
  55              	#define SYST_CSR (0xE000E010)
  56              	#define SYST_RVR (0xE000E014)
  57              	#define SYST_CVR (0xE000E018)
  58              	#define SYST_CALIB (0xE000E01C)
  59              	
  60              	.equ reload_value, 1439999
  61              	/* ===========START : MACRO DEFINITION MACRO DEFINITION ================== */
  62              	 
  63              	.macro Entry Handler
  64              	    .long \Handler
  65              	.endm
  66              	
  67              	.macro Insert_ExceptionHandler Handler_Func 
  68              	    .weak \Handler_Func
  69              	#if defined(ENABLE_OWN_HANDLER)
  70              	    .thumb_func
  72              	\Handler_Func:
  73              	    b .
  75              	#else
  76              	    .thumb_set \Handler_Func, Default_Handler
  77              	#endif 
  78              	.endm
  79              	
  80              	/* =============END : MACRO DEFINITION MACRO DEFINITION ================== */
  81              	
  82              	/* ================== START OF VECTOR TABLE DEFINITION ====================== */
  83              	/* Vector Table - This gets programed into VTOR register by onchip BootROM */
  84              	    .syntax unified
  85              	
  86              	    .section .reset, "a", %progbits
  87              	    
  88              		.align 2
  89              	    .globl  __Vectors
  91              	__Vectors:
  92 0000 00000000 	    .long   __initial_sp                /* Top of Stack                 */
  93 0004 00000000 	    .long   Reset_Handler               /* Reset Handler                */
  94              	
  95 0008 00000000 	    Entry   NMI_Handler                 /* NMI Handler                  */
  96 000c 00000000 	    Entry   HardFault_Handler           /* Hard Fault Handler           */
  97 0010 00000000 	    Entry   MemManage_Handler           /* MPU Fault Handler            */
  98 0014 00000000 	    Entry   BusFault_Handler            /* Bus Fault Handler            */
  99 0018 00000000 	    Entry   UsageFault_Handler          /* Usage Fault Handler          */
 100 001c 00000000 	    .long   0                           /* Reserved                     */
 101 0020 00000000 	    .long   0                           /* Reserved                     */
 102 0024 00000000 	    .long   0                           /* Reserved                     */
 103 0028 00000000 	    .long   0                           /* Reserved                     */
 104 002c 00000000 	    Entry   SVC_Handler                 /* SVCall Handler               */
 105 0030 00000000 	    Entry   DebugMon_Handler            /* Debug Monitor Handler        */
 106 0034 00000000 	    .long   0                           /* Reserved                     */
 107 0038 00000000 	    Entry   PendSV_Handler              /* PendSV Handler               */
 108 003c 00000000 	    Entry   SysTick_Handler             /* SysTick Handler              */
 109              	    /* Interrupt Handlers for Service Requests (SR) from XMC4700 Peripherals */
 110 0040 00000000 	    Entry   SCU_0_IRQHandler            /* Handler name for SR SCU_0     */
 111 0044 00000000 	    Entry   ERU0_0_IRQHandler           /* Handler name for SR ERU0_0    */
 112 0048 00000000 	    Entry   ERU0_1_IRQHandler           /* Handler name for SR ERU0_1    */
 113 004c 00000000 	    Entry   ERU0_2_IRQHandler           /* Handler name for SR ERU0_2    */
 114 0050 00000000 	    Entry   ERU0_3_IRQHandler           /* Handler name for SR ERU0_3    */ 
 115 0054 00000000 	    Entry   ERU1_0_IRQHandler           /* Handler name for SR ERU1_0    */
 116 0058 00000000 	    Entry   ERU1_1_IRQHandler           /* Handler name for SR ERU1_1    */
 117 005c 00000000 	    Entry   ERU1_2_IRQHandler           /* Handler name for SR ERU1_2    */
 118 0060 00000000 	    Entry   ERU1_3_IRQHandler           /* Handler name for SR ERU1_3    */
 119 0064 00000000 	    .long   0                           /* Not Available                 */
 120 0068 00000000 	    .long   0                           /* Not Available                 */
 121 006c 00000000 	    .long   0                           /* Not Available                 */
 122 0070 00000000 	    Entry   PMU0_0_IRQHandler           /* Handler name for SR PMU0_0    */
 123 0074 00000000 	    .long   0                           /* Not Available                 */
 124 0078 00000000 	    Entry   VADC0_C0_0_IRQHandler       /* Handler name for SR VADC0_C0_0  */
 125 007c 00000000 	    Entry   VADC0_C0_1_IRQHandler       /* Handler name for SR VADC0_C0_1  */
 126 0080 00000000 	    Entry   VADC0_C0_2_IRQHandler       /* Handler name for SR VADC0_C0_1  */
 127 0084 00000000 	    Entry   VADC0_C0_3_IRQHandler       /* Handler name for SR VADC0_C0_3  */
 128 0088 00000000 	    Entry   VADC0_G0_0_IRQHandler       /* Handler name for SR VADC0_G0_0  */
 129 008c 00000000 	    Entry   VADC0_G0_1_IRQHandler       /* Handler name for SR VADC0_G0_1  */
 130 0090 00000000 	    Entry   VADC0_G0_2_IRQHandler       /* Handler name for SR VADC0_G0_2  */
 131 0094 00000000 	    Entry   VADC0_G0_3_IRQHandler       /* Handler name for SR VADC0_G0_3  */
 132 0098 00000000 	    Entry   VADC0_G1_0_IRQHandler       /* Handler name for SR VADC0_G1_0  */
 133 009c 00000000 	    Entry   VADC0_G1_1_IRQHandler       /* Handler name for SR VADC0_G1_1  */
 134 00a0 00000000 	    Entry   VADC0_G1_2_IRQHandler       /* Handler name for SR VADC0_G1_2  */
 135 00a4 00000000 	    Entry   VADC0_G1_3_IRQHandler       /* Handler name for SR VADC0_G1_3  */
 136 00a8 00000000 	    Entry   VADC0_G2_0_IRQHandler       /* Handler name for SR VADC0_G2_0  */
 137 00ac 00000000 	    Entry   VADC0_G2_1_IRQHandler       /* Handler name for SR VADC0_G2_1  */
 138 00b0 00000000 	    Entry   VADC0_G2_2_IRQHandler       /* Handler name for SR VADC0_G2_2  */
 139 00b4 00000000 	    Entry   VADC0_G2_3_IRQHandler       /* Handler name for SR VADC0_G2_3  */
 140 00b8 00000000 	    Entry   VADC0_G3_0_IRQHandler       /* Handler name for SR VADC0_G3_0  */
 141 00bc 00000000 	    Entry   VADC0_G3_1_IRQHandler       /* Handler name for SR VADC0_G3_1  */
 142 00c0 00000000 	    Entry   VADC0_G3_2_IRQHandler       /* Handler name for SR VADC0_G3_2  */
 143 00c4 00000000 	    Entry   VADC0_G3_3_IRQHandler       /* Handler name for SR VADC0_G3_3  */
 144 00c8 00000000 	    Entry   DSD0_0_IRQHandler           /* Handler name for SR DSD0_0    */
 145 00cc 00000000 	    Entry   DSD0_1_IRQHandler           /* Handler name for SR DSD0_1    */
 146 00d0 00000000 	    Entry   DSD0_2_IRQHandler           /* Handler name for SR DSD0_2    */
 147 00d4 00000000 	    Entry   DSD0_3_IRQHandler           /* Handler name for SR DSD0_3    */
 148 00d8 00000000 	    Entry   DSD0_4_IRQHandler           /* Handler name for SR DSD0_4    */
 149 00dc 00000000 	    Entry   DSD0_5_IRQHandler           /* Handler name for SR DSD0_5    */
 150 00e0 00000000 	    Entry   DSD0_6_IRQHandler           /* Handler name for SR DSD0_6    */
 151 00e4 00000000 	    Entry   DSD0_7_IRQHandler           /* Handler name for SR DSD0_7    */
 152 00e8 00000000 	    Entry   DAC0_0_IRQHandler           /* Handler name for SR DAC0_0    */
 153 00ec 00000000 	    Entry   DAC0_1_IRQHandler           /* Handler name for SR DAC0_0    */
 154 00f0 00000000 	    Entry   CCU40_0_IRQHandler          /* Handler name for SR CCU40_0   */
 155 00f4 00000000 	    Entry   CCU40_1_IRQHandler          /* Handler name for SR CCU40_1   */
 156 00f8 00000000 	    Entry   CCU40_2_IRQHandler          /* Handler name for SR CCU40_2   */
 157 00fc 00000000 	    Entry   CCU40_3_IRQHandler          /* Handler name for SR CCU40_3   */
 158 0100 00000000 	    Entry   CCU41_0_IRQHandler          /* Handler name for SR CCU41_0   */
 159 0104 00000000 	    Entry   CCU41_1_IRQHandler          /* Handler name for SR CCU41_1   */
 160 0108 00000000 	    Entry   CCU41_2_IRQHandler          /* Handler name for SR CCU41_2   */
 161 010c 00000000 	    Entry   CCU41_3_IRQHandler          /* Handler name for SR CCU41_3   */
 162 0110 00000000 	    Entry   CCU42_0_IRQHandler          /* Handler name for SR CCU42_0   */
 163 0114 00000000 	    Entry   CCU42_1_IRQHandler          /* Handler name for SR CCU42_1   */
 164 0118 00000000 	    Entry   CCU42_2_IRQHandler          /* Handler name for SR CCU42_2   */
 165 011c 00000000 	    Entry   CCU42_3_IRQHandler          /* Handler name for SR CCU42_3   */
 166 0120 00000000 	    Entry   CCU43_0_IRQHandler          /* Handler name for SR CCU43_0   */
 167 0124 00000000 	    Entry   CCU43_1_IRQHandler          /* Handler name for SR CCU43_1   */
 168 0128 00000000 	    Entry   CCU43_2_IRQHandler          /* Handler name for SR CCU43_2   */
 169 012c 00000000 	    Entry   CCU43_3_IRQHandler          /* Handler name for SR CCU43_3   */
 170 0130 00000000 	    Entry   CCU80_0_IRQHandler          /* Handler name for SR CCU80_0   */
 171 0134 00000000 	    Entry   CCU80_1_IRQHandler          /* Handler name for SR CCU80_1   */
 172 0138 00000000 	    Entry   CCU80_2_IRQHandler          /* Handler name for SR CCU80_2   */
 173 013c 00000000 	    Entry   CCU80_3_IRQHandler          /* Handler name for SR CCU80_3   */
 174 0140 00000000 	    Entry   CCU81_0_IRQHandler          /* Handler name for SR CCU81_0   */
 175 0144 00000000 	    Entry   CCU81_1_IRQHandler          /* Handler name for SR CCU81_1   */
 176 0148 00000000 	    Entry   CCU81_2_IRQHandler          /* Handler name for SR CCU81_2   */
 177 014c 00000000 	    Entry   CCU81_3_IRQHandler          /* Handler name for SR CCU81_3   */
 178 0150 00000000 	    Entry   POSIF0_0_IRQHandler         /* Handler name for SR POSIF0_0  */
 179 0154 00000000 	    Entry   POSIF0_1_IRQHandler         /* Handler name for SR POSIF0_1  */
 180 0158 00000000 	    Entry   POSIF1_0_IRQHandler         /* Handler name for SR POSIF1_0  */
 181 015c 00000000 	    Entry   POSIF1_1_IRQHandler         /* Handler name for SR POSIF1_1  */
 182 0160 00000000 	    .long   0                           /* Not Available                 */
 183 0164 00000000 	    .long   0                           /* Not Available                 */
 184 0168 00000000 	    .long   0                           /* Not Available                 */
 185 016c 00000000 	    .long   0                           /* Not Available                 */
 186 0170 00000000 	    Entry   CAN0_0_IRQHandler           /* Handler name for SR CAN0_0    */
 187 0174 00000000 	    Entry   CAN0_1_IRQHandler           /* Handler name for SR CAN0_1    */
 188 0178 00000000 	    Entry   CAN0_2_IRQHandler           /* Handler name for SR CAN0_2    */
 189 017c 00000000 	    Entry   CAN0_3_IRQHandler           /* Handler name for SR CAN0_3    */
 190 0180 00000000 	    Entry   CAN0_4_IRQHandler           /* Handler name for SR CAN0_4    */
 191 0184 00000000 	    Entry   CAN0_5_IRQHandler           /* Handler name for SR CAN0_5    */
 192 0188 00000000 	    Entry   CAN0_6_IRQHandler           /* Handler name for SR CAN0_6    */
 193 018c 00000000 	    Entry   CAN0_7_IRQHandler           /* Handler name for SR CAN0_7    */
 194 0190 00000000 	    Entry   USIC0_0_IRQHandler          /* Handler name for SR USIC0_0   */
 195 0194 00000000 	    Entry   USIC0_1_IRQHandler          /* Handler name for SR USIC0_1   */
 196 0198 00000000 	    Entry   USIC0_2_IRQHandler          /* Handler name for SR USIC0_2   */
 197 019c 00000000 	    Entry   USIC0_3_IRQHandler          /* Handler name for SR USIC0_3   */
 198 01a0 00000000 	    Entry   USIC0_4_IRQHandler          /* Handler name for SR USIC0_4   */
 199 01a4 00000000 	    Entry   USIC0_5_IRQHandler          /* Handler name for SR USIC0_5   */
 200 01a8 00000000 	    Entry   USIC1_0_IRQHandler          /* Handler name for SR USIC1_0   */
 201 01ac 00000000 	    Entry   USIC1_1_IRQHandler          /* Handler name for SR USIC1_1   */
 202 01b0 00000000 	    Entry   USIC1_2_IRQHandler          /* Handler name for SR USIC1_2   */
 203 01b4 00000000 	    Entry   USIC1_3_IRQHandler          /* Handler name for SR USIC1_3   */
 204 01b8 00000000 	    Entry   USIC1_4_IRQHandler          /* Handler name for SR USIC1_4   */
 205 01bc 00000000 	    Entry   USIC1_5_IRQHandler          /* Handler name for SR USIC1_5   */
 206 01c0 00000000 	    Entry   USIC2_0_IRQHandler          /* Handler name for SR USIC2_0   */
 207 01c4 00000000 	    Entry   USIC2_1_IRQHandler          /* Handler name for SR USIC2_1   */
 208 01c8 00000000 	    Entry   USIC2_2_IRQHandler          /* Handler name for SR USIC2_2   */
 209 01cc 00000000 	    Entry   USIC2_3_IRQHandler          /* Handler name for SR USIC2_3   */
 210 01d0 00000000 	    Entry   USIC2_4_IRQHandler          /* Handler name for SR USIC2_4   */
 211 01d4 00000000 	    Entry   USIC2_5_IRQHandler          /* Handler name for SR USIC2_5   */
 212 01d8 00000000 	    Entry   LEDTS0_0_IRQHandler         /* Handler name for SR LEDTS0_0  */
 213 01dc 00000000 	    .long   0                           /* Not Available                 */
 214 01e0 00000000 	    Entry   FCE0_0_IRQHandler           /* Handler name for SR FCE0_0    */
 215 01e4 00000000 	    Entry   GPDMA0_0_IRQHandler         /* Handler name for SR GPDMA0_0  */
 216 01e8 00000000 	    Entry   SDMMC0_0_IRQHandler         /* Handler name for SR SDMMC0_0  */
 217 01ec 00000000 	    Entry   USB0_0_IRQHandler           /* Handler name for SR USB0_0    */
 218 01f0 00000000 	    Entry   ETH0_0_IRQHandler           /* Handler name for SR ETH0_0    */
 219 01f4 00000000 	    .long   0                           /* Not Available                 */
 220 01f8 00000000 	    Entry   GPDMA1_0_IRQHandler         /* Handler name for SR GPDMA1_0  */
 221 01fc 00000000 	    .long   0                           /* Not Available                 */
 222              	
 224              	/* ================== END OF VECTOR TABLE DEFINITION ======================= */
 225              	
 226              	/* ================== START OF VECTOR ROUTINES ============================= */
 227              	
 228              		.align	1
 229              	    .thumb
 230              	
 231              	/* Reset Handler */
 232              	    .thumb_func
 233              	    .globl  Reset_Handler
 235              	Reset_Handler:
 236 0200 DFF8A0D0 	    ldr sp,=__initial_sp
 237              	
 238              	#ifndef __SKIP_SYSTEM_INIT
 239              	
 240              	    .equ LED_PORT,   0x48028014      @ Port pin output register (example P1.1, check manual!)
 241              	    .equ LED_MASK,   (1 << 1)        @ LED on P1.1
 242              	    /*
 243              	    int *led_port5 = (int *)0x48028518
 244              	
 245              	#define PORT5_BASE   (0x48028000UL)
 246              	
 247              	#define PORT5_IOCR8  (*(volatile uint32_t *)(PORT5_BASE + 0x18))
 248              	#define PORT5_OMR    (*(volatile uint32_t *)(PORT5_BASE + 0x04)*/
 249              	
 250              	/*ldr r0, = PORT5_IOCR8
 251              	ldr r1, = PORT5_OMR
 252              	
 253              	ldr r3, = (0x10 << 11)
 254              	
 255              	str r3, [r0]
 256              	
 257              	ldr r3, =((1 << (9 + 16)))
 258              	str r3, [r1]
 259              	ldr r3, =(1 << (9))
 260              	str r3, [r1]
 261              	
 262              	ldr r0, =SYST_RVR
 263              	    ldr r1, =reload_value
 264              	    str r1, [r0]            @ Set reload value
 265              	
 266              	 ldr r0, =SYST_CVR
 267              	    mov r1, #0
 268              	    str r1, [r0]            @ Clear current value
 269              	
 270              	//cpsie i                @ enable global interrupts
 271              	
 272              	 ldr r0, =SYST_CSR
 273              	    mov r1, #5              @ ENABLE=1, CLKSOURCE=1 (no interrupt yet)
 274              	    str r1, [r0]            @ Start SysTick
 275              	
 276              	    mov r1, #7              @ ENABLE=1, TICKINT=1, CLKSOURCE=1
 277              	    str r1, [r0]
 278              	loop:
 279              	    b loop                  @ Infinite loop (for now)
 280              	*/
 281              	
 282 0204 2848     	    ldr  r0, =SystemInit
 283 0206 8047     	    blx  r0
 284              	#endif
 285              	/*
 286              	b taska
 287              	
 288              	taska:
 289              	MOV r1, #0x01
 290              	MOV r2, #0x02
 291              	ADD r3, r1, r2
 292              	b taskb
 293              	add r3, 1
 294              	b taskb
 295              	
 296              	taskb:
 297              	mov r4, r3
 298              	
 299              	b taska */
 300              	
 301              	/* Initialize data
 302              	 *
 303              	 *  Between symbol address __copy_table_start__ and __copy_table_end__,
 304              	 *  there are array of triplets, each of which specify:
 305              	 *    offset 0: LMA of start of a section to copy from
 306              	 *    offset 4: VMA of start of a section to copy to
 307              	 *    offset 8: size of the section to copy. Must be multiply of 4
 308              	 *
 309              	 *  All addresses must be aligned to 4 bytes boundary.
 310              	 */
 311 0208 284C     		ldr	r4, =__copy_table_start__
 312 020a 294D     		ldr	r5, =__copy_table_end__
 313              	
 314              	.L_loop0:
 315 020c AC42     		cmp	r4, r5
 316 020e 09DA     		bge	.L_loop0_done
 317 0210 2168     		ldr	r1, [r4]
 318 0212 6268     		ldr	r2, [r4, #4]
 319 0214 A368     		ldr	r3, [r4, #8]
 320              	
 321              	.L_loop0_0:
 322 0216 043B     		subs	r3, #4
 323 0218 A2BF     		ittt	ge
 324 021a C858     		ldrge	r0, [r1, r3]
 325 021c D050     		strge	r0, [r2, r3]
 326 021e FAE7     		bge	.L_loop0_0
 327              	
 328 0220 0C34     		adds	r4, #12
 329 0222 F3E7     		b	.L_loop0
 330              	
 331              	.L_loop0_done:
 332              	
 333              	/* Zero initialized data 
 334              	 *  Between symbol address __zero_table_start__ and __zero_table_end__,
 335              	 *  there are array of tuples specifying:
 336              	 *    offset 0: Start of a BSS section
 337              	 *    offset 4: Size of this BSS section. Must be multiply of 4
 338              	 *
 339              	 *  Define __SKIP_BSS_CLEAR to disable zeroing uninitialzed data in startup.
 340              	 */    
 341              	#ifndef __SKIP_BSS_CLEAR
 342 0224 234B     		ldr	r3, =__zero_table_start__
 343 0226 244C     		ldr	r4, =__zero_table_end__
 344              	
 345              	.L_loop2:
 346 0228 A342     		cmp	r3, r4
 347 022a 08DA     		bge	.L_loop2_done
 348 022c 1968     		ldr	r1, [r3]
 349 022e 5A68     		ldr	r2, [r3, #4]
 350 0230 0020     		movs	r0, 0
 351              	
 352              	.L_loop2_0:
 353 0232 043A     		subs	r2, #4
 354 0234 A4BF     		itt	ge
 355 0236 8850     		strge	r0, [r1, r2]
 356 0238 FBE7     		bge	.L_loop2_0
 357              	
 358 023a 0833     		adds	r3, #8
 359 023c F4E7     		b	.L_loop2
 360              	.L_loop2_done:    
 361              	#endif /* __SKIP_BSS_CLEAR */
 362              	   
 363              	#ifndef __SKIP_LIBC_INIT_ARRAY
 364 023e 1F48     	    ldr  r0, =__libc_init_array
 365 0240 8047     	    blx  r0
 366              	#endif
 367              	
 368              	/*****************/
 369              	
 370              	
 371 0242 1F48     	ldr r0, = PORT5_IOCR8
 372 0244 1F49     	ldr r1, = PORT5_OMR
 373              	
 374 0246 204B     	ldr r3, = (0x10 << 11)
 375              	
 376 0248 0360     	str r3, [r0]
 377              	
 378 024a 204B     	ldr r3, =((1 << (9 + 16)))
 379 024c 0B60     	str r3, [r1]
 380 024e 204B     	ldr r3, =(1 << (9))
 381 0250 0B60     	str r3, [r1]
 382              	
 383 0252 2048     	ldr r0, =SYST_RVR
 384 0254 2049     	    ldr r1, =reload_value
 385 0256 0160     	    str r1, [r0]            @ Set reload value
 386              	
 387 0258 2048     	 ldr r0, =SYST_CVR
 388 025a 4FF00001 	    mov r1, #0
 389 025e 0160     	    str r1, [r0]            @ Clear current value
 390              	
 391              	//cpsie i                @ enable global interrupts
 392              	
 393 0260 1F48     	 ldr r0, =SYST_CSR
 394 0262 4FF00501 	    mov r1, #5              @ ENABLE=1, CLKSOURCE=1 (no interrupt yet)
 395 0266 0160     	    str r1, [r0]            @ Start SysTick
 396              	
 397 0268 4FF00701 	    mov r1, #7              @ ENABLE=1, TICKINT=1, CLKSOURCE=1
 398 026c 0160     	    str r1, [r0]
 399              	loop:
 400 026e FEE7     	    b loop                  @ Infinite loop (for now)
 401              	
 402              	/*******************/
 403              	
 404 0270 1C48     	    ldr  r0, =main
 405 0272 8047     	    blx  r0
 406              	
 407              	.align 2
 408              	__copy_table_start__:
 409 0274 00000000 	    .long __data_load, __data_start, __data_size
 409      00000000 
 409      00000000 
 410 0280 00000000 	    .long __ram_code_load, __ram_code_start, __ram_code_size
 410      00000000 
 410      00000000 
 411              	__copy_table_end__:
 412              	
 413              	__zero_table_start__:
 414 028c 00000000 	    .long __bss_start, __bss_size
 414      00000000 
 415 0294 00000000 	    .long USB_RAM_start, USB_RAM_size
 415      00000000 
 416 029c 00000000 	    .long ETH_RAM_start, ETH_RAM_size
 416      00000000 
 417              	__zero_table_end__:
 418              	    
 419 02a4 00000000 		.pool
 419      00000000 
 419      74020000 
 419      8C020000 
 419      8C020000 
 420              	
 422              	
 423              	/****sts*/
 424              	
 425              	/* sys Handler */
 426              	    .thumb_func
 427              	    .globl  SysTick_Handler
 429              	SysTick_Handler:
 430              	
 431 02e8 0748     	ldr  r0, =f1
 432 02ea 8047     	blx r0
 433 02ec 0748     	ldr r0, =f2
 434 02ee 8047     	blx r0
 435 02f0 FFF7FEBF 	b SysTick_Handler
 436 02f4 03B4     	    push {r0, r1}
 437              	
 438 02f6 0648     	    ldr r0, =LED_PORT
 439 02f8 0168     	    ldr r1, [r0]
 440 02fa 064A     	    ldr r2, =LED_MASK
 441 02fc 81EA0201 	    eor r1, r1, r2
 442 0300 0160     	    str r1, [r0]
 443              	
 444 0302 03BC     	    pop {r0, r1}
 445 0304 7047     	    bx lr
 446              	
 447              	/***e*/
 448              	
 449              	
 450 0306 0000     	.bss
 451              	.align 3
 452              	stack1:
 453 0000 00000000 	.zero 128
 453      00000000 
 453      00000000 
 453      00000000 
 453      00000000 
 454              	
 455              	stack2:
 456 0080 00000000 	.zero 128
 456      00000000 
 456      00000000 
 456      00000000 
 456      00000000 
 457              	
 458              	
 459 0100 3848     	ldr r0, =stack1
 460 0102 00F18000 	add r0, r0, #128
 461              	/* ======================================================================== */
 462              	/* ========== START OF EXCEPTION HANDLER DEFINITION ======================== */
 463              	
 464              	/* Default exception Handlers - Users may override this default functionality by
 465              	   defining handlers of the same name in their C code */
 466              	
 467              		.align	1
 468              	    .thumb_func
 469              	    .weak Default_Handler
 471              	Default_Handler:
 472 0106 FEE7     	    b .
 474              	
 475 0108 FEE7     	     Insert_ExceptionHandler NMI_Handler
 476 010a FEE7     	     Insert_ExceptionHandler HardFault_Handler
 477 010c FEE7     	     Insert_ExceptionHandler MemManage_Handler
 478 010e FEE7     	     Insert_ExceptionHandler BusFault_Handler
 479 0110 FEE7     	     Insert_ExceptionHandler UsageFault_Handler
 480 0112 FEE7     	     Insert_ExceptionHandler SVC_Handler
 481 0114 FEE7     	     Insert_ExceptionHandler DebugMon_Handler
 482 0116 FEE7     	     Insert_ExceptionHandler PendSV_Handler
 483              	 /*    Insert_ExceptionHandler SysTick_Handler*/
 484              	
 485 0118 FEE7     	     Insert_ExceptionHandler SCU_0_IRQHandler
 486 011a FEE7     	     Insert_ExceptionHandler ERU0_0_IRQHandler
 487 011c FEE7     	     Insert_ExceptionHandler ERU0_1_IRQHandler
 488 011e FEE7     	     Insert_ExceptionHandler ERU0_2_IRQHandler
 489 0120 FEE7     	     Insert_ExceptionHandler ERU0_3_IRQHandler
 490 0122 FEE7     	     Insert_ExceptionHandler ERU1_0_IRQHandler
 491 0124 FEE7     	     Insert_ExceptionHandler ERU1_1_IRQHandler
 492 0126 FEE7     	     Insert_ExceptionHandler ERU1_2_IRQHandler
 493 0128 FEE7     	     Insert_ExceptionHandler ERU1_3_IRQHandler
 494 012a FEE7     	     Insert_ExceptionHandler PMU0_0_IRQHandler
 495 012c FEE7     	     Insert_ExceptionHandler VADC0_C0_0_IRQHandler
 496 012e FEE7     	     Insert_ExceptionHandler VADC0_C0_1_IRQHandler
 497 0130 FEE7     	     Insert_ExceptionHandler VADC0_C0_2_IRQHandler
 498 0132 FEE7     	     Insert_ExceptionHandler VADC0_C0_3_IRQHandler
 499 0134 FEE7     	     Insert_ExceptionHandler VADC0_G0_0_IRQHandler
 500 0136 FEE7     	     Insert_ExceptionHandler VADC0_G0_1_IRQHandler
 501 0138 FEE7     	     Insert_ExceptionHandler VADC0_G0_2_IRQHandler
 502 013a FEE7     	     Insert_ExceptionHandler VADC0_G0_3_IRQHandler
 503 013c FEE7     	     Insert_ExceptionHandler VADC0_G1_0_IRQHandler
 504 013e FEE7     	     Insert_ExceptionHandler VADC0_G1_1_IRQHandler
 505 0140 FEE7     	     Insert_ExceptionHandler VADC0_G1_2_IRQHandler
 506 0142 FEE7     	     Insert_ExceptionHandler VADC0_G1_3_IRQHandler
 507 0144 FEE7     	     Insert_ExceptionHandler VADC0_G2_0_IRQHandler
 508 0146 FEE7     	     Insert_ExceptionHandler VADC0_G2_1_IRQHandler
 509 0148 FEE7     	     Insert_ExceptionHandler VADC0_G2_2_IRQHandler
 510 014a FEE7     	     Insert_ExceptionHandler VADC0_G2_3_IRQHandler
 511 014c FEE7     	     Insert_ExceptionHandler VADC0_G3_0_IRQHandler
 512 014e FEE7     	     Insert_ExceptionHandler VADC0_G3_1_IRQHandler
 513 0150 FEE7     	     Insert_ExceptionHandler VADC0_G3_2_IRQHandler
 514 0152 FEE7     	     Insert_ExceptionHandler VADC0_G3_3_IRQHandler
 515 0154 FEE7     	     Insert_ExceptionHandler DSD0_0_IRQHandler
 516 0156 FEE7     	     Insert_ExceptionHandler DSD0_1_IRQHandler
 517 0158 FEE7     	     Insert_ExceptionHandler DSD0_2_IRQHandler
 518 015a FEE7     	     Insert_ExceptionHandler DSD0_3_IRQHandler
 519 015c FEE7     	     Insert_ExceptionHandler DSD0_4_IRQHandler
 520 015e FEE7     	     Insert_ExceptionHandler DSD0_5_IRQHandler
 521 0160 FEE7     	     Insert_ExceptionHandler DSD0_6_IRQHandler
 522 0162 FEE7     	     Insert_ExceptionHandler DSD0_7_IRQHandler
 523 0164 FEE7     	     Insert_ExceptionHandler DAC0_0_IRQHandler
 524 0166 FEE7     	     Insert_ExceptionHandler DAC0_1_IRQHandler
 525 0168 FEE7     	     Insert_ExceptionHandler CCU40_0_IRQHandler
 526 016a FEE7     	     Insert_ExceptionHandler CCU40_1_IRQHandler
 527 016c FEE7     	     Insert_ExceptionHandler CCU40_2_IRQHandler
 528 016e FEE7     	     Insert_ExceptionHandler CCU40_3_IRQHandler
 529 0170 FEE7     	     Insert_ExceptionHandler CCU41_0_IRQHandler
 530 0172 FEE7     	     Insert_ExceptionHandler CCU41_1_IRQHandler
 531 0174 FEE7     	     Insert_ExceptionHandler CCU41_2_IRQHandler
 532 0176 FEE7     	     Insert_ExceptionHandler CCU41_3_IRQHandler
 533 0178 FEE7     	     Insert_ExceptionHandler CCU42_0_IRQHandler
 534 017a FEE7     	     Insert_ExceptionHandler CCU42_1_IRQHandler
 535 017c FEE7     	     Insert_ExceptionHandler CCU42_2_IRQHandler
 536 017e FEE7     	     Insert_ExceptionHandler CCU42_3_IRQHandler
 537 0180 FEE7     	     Insert_ExceptionHandler CCU43_0_IRQHandler
 538 0182 FEE7     	     Insert_ExceptionHandler CCU43_1_IRQHandler
 539 0184 FEE7     	     Insert_ExceptionHandler CCU43_2_IRQHandler
 540 0186 FEE7     	     Insert_ExceptionHandler CCU43_3_IRQHandler
 541 0188 FEE7     	     Insert_ExceptionHandler CCU80_0_IRQHandler
 542 018a FEE7     	     Insert_ExceptionHandler CCU80_1_IRQHandler
 543 018c FEE7     	     Insert_ExceptionHandler CCU80_2_IRQHandler
 544 018e FEE7     	     Insert_ExceptionHandler CCU80_3_IRQHandler
 545 0190 FEE7     	     Insert_ExceptionHandler CCU81_0_IRQHandler
 546 0192 FEE7     	     Insert_ExceptionHandler CCU81_1_IRQHandler
 547 0194 FEE7     	     Insert_ExceptionHandler CCU81_2_IRQHandler
 548 0196 FEE7     	     Insert_ExceptionHandler CCU81_3_IRQHandler
 549 0198 FEE7     	     Insert_ExceptionHandler POSIF0_0_IRQHandler
 550 019a FEE7     	     Insert_ExceptionHandler POSIF0_1_IRQHandler
 551 019c FEE7     	     Insert_ExceptionHandler POSIF1_0_IRQHandler
 552 019e FEE7     	     Insert_ExceptionHandler POSIF1_1_IRQHandler
 553 01a0 FEE7     	     Insert_ExceptionHandler CAN0_0_IRQHandler
 554 01a2 FEE7     	     Insert_ExceptionHandler CAN0_1_IRQHandler
 555 01a4 FEE7     	     Insert_ExceptionHandler CAN0_2_IRQHandler
 556 01a6 FEE7     	     Insert_ExceptionHandler CAN0_3_IRQHandler
 557 01a8 FEE7     	     Insert_ExceptionHandler CAN0_4_IRQHandler
 558 01aa FEE7     	     Insert_ExceptionHandler CAN0_5_IRQHandler
 559 01ac FEE7     	     Insert_ExceptionHandler CAN0_6_IRQHandler
 560 01ae FEE7     	     Insert_ExceptionHandler CAN0_7_IRQHandler
 561 01b0 FEE7     	     Insert_ExceptionHandler USIC0_0_IRQHandler
 562 01b2 FEE7     	     Insert_ExceptionHandler USIC0_1_IRQHandler
 563 01b4 FEE7     	     Insert_ExceptionHandler USIC0_2_IRQHandler
 564 01b6 FEE7     	     Insert_ExceptionHandler USIC0_3_IRQHandler
 565 01b8 FEE7     	     Insert_ExceptionHandler USIC0_4_IRQHandler
 566 01ba FEE7     	     Insert_ExceptionHandler USIC0_5_IRQHandler
 567 01bc FEE7     	     Insert_ExceptionHandler USIC1_0_IRQHandler
 568 01be FEE7     	     Insert_ExceptionHandler USIC1_1_IRQHandler
 569 01c0 FEE7     	     Insert_ExceptionHandler USIC1_2_IRQHandler
 570 01c2 FEE7     	     Insert_ExceptionHandler USIC1_3_IRQHandler
 571 01c4 FEE7     	     Insert_ExceptionHandler USIC1_4_IRQHandler
 572 01c6 FEE7     	     Insert_ExceptionHandler USIC1_5_IRQHandler
 573 01c8 FEE7     	     Insert_ExceptionHandler USIC2_0_IRQHandler
 574 01ca FEE7     	     Insert_ExceptionHandler USIC2_1_IRQHandler
 575 01cc FEE7     	     Insert_ExceptionHandler USIC2_2_IRQHandler
 576 01ce FEE7     	     Insert_ExceptionHandler USIC2_3_IRQHandler
 577 01d0 FEE7     	     Insert_ExceptionHandler USIC2_4_IRQHandler
 578 01d2 FEE7     	     Insert_ExceptionHandler USIC2_5_IRQHandler
 579 01d4 FEE7     	     Insert_ExceptionHandler LEDTS0_0_IRQHandler
 580 01d6 FEE7     	     Insert_ExceptionHandler FCE0_0_IRQHandler
 581 01d8 FEE7     	     Insert_ExceptionHandler GPDMA0_0_IRQHandler
 582 01da FEE7     	     Insert_ExceptionHandler SDMMC0_0_IRQHandler
 583 01dc FEE7     	     Insert_ExceptionHandler USB0_0_IRQHandler
 584 01de FEE7     	     Insert_ExceptionHandler ETH0_0_IRQHandler
 585 01e0 FEE7     	     Insert_ExceptionHandler GPDMA1_0_IRQHandler
 586              	     
 587              	/* ============= END OF INTERRUPT HANDLER DEFINITION ====================== */
 588              	
 589 01e2 00000000 	    .end
 589      0000
DEFINED SYMBOLS
../Startup/startup_XMC4700.S:60     *ABS*:0015f8ff reload_value
../Startup/startup_XMC4700.S:88     .reset:00000000 $d
../Startup/startup_XMC4700.S:91     .reset:00000000 __Vectors
../Startup/startup_XMC4700.S:235    .reset:00000200 Reset_Handler
../Startup/startup_XMC4700.S:475    .bss:00000108 NMI_Handler
../Startup/startup_XMC4700.S:476    .bss:0000010a HardFault_Handler
../Startup/startup_XMC4700.S:477    .bss:0000010c MemManage_Handler
../Startup/startup_XMC4700.S:478    .bss:0000010e BusFault_Handler
../Startup/startup_XMC4700.S:479    .bss:00000110 UsageFault_Handler
../Startup/startup_XMC4700.S:480    .bss:00000112 SVC_Handler
../Startup/startup_XMC4700.S:481    .bss:00000114 DebugMon_Handler
../Startup/startup_XMC4700.S:482    .bss:00000116 PendSV_Handler
../Startup/startup_XMC4700.S:429    .reset:000002e8 SysTick_Handler
../Startup/startup_XMC4700.S:485    .bss:00000118 SCU_0_IRQHandler
../Startup/startup_XMC4700.S:486    .bss:0000011a ERU0_0_IRQHandler
../Startup/startup_XMC4700.S:487    .bss:0000011c ERU0_1_IRQHandler
../Startup/startup_XMC4700.S:488    .bss:0000011e ERU0_2_IRQHandler
../Startup/startup_XMC4700.S:489    .bss:00000120 ERU0_3_IRQHandler
../Startup/startup_XMC4700.S:490    .bss:00000122 ERU1_0_IRQHandler
../Startup/startup_XMC4700.S:491    .bss:00000124 ERU1_1_IRQHandler
../Startup/startup_XMC4700.S:492    .bss:00000126 ERU1_2_IRQHandler
../Startup/startup_XMC4700.S:493    .bss:00000128 ERU1_3_IRQHandler
../Startup/startup_XMC4700.S:494    .bss:0000012a PMU0_0_IRQHandler
../Startup/startup_XMC4700.S:495    .bss:0000012c VADC0_C0_0_IRQHandler
../Startup/startup_XMC4700.S:496    .bss:0000012e VADC0_C0_1_IRQHandler
../Startup/startup_XMC4700.S:497    .bss:00000130 VADC0_C0_2_IRQHandler
../Startup/startup_XMC4700.S:498    .bss:00000132 VADC0_C0_3_IRQHandler
../Startup/startup_XMC4700.S:499    .bss:00000134 VADC0_G0_0_IRQHandler
../Startup/startup_XMC4700.S:500    .bss:00000136 VADC0_G0_1_IRQHandler
../Startup/startup_XMC4700.S:501    .bss:00000138 VADC0_G0_2_IRQHandler
../Startup/startup_XMC4700.S:502    .bss:0000013a VADC0_G0_3_IRQHandler
../Startup/startup_XMC4700.S:503    .bss:0000013c VADC0_G1_0_IRQHandler
../Startup/startup_XMC4700.S:504    .bss:0000013e VADC0_G1_1_IRQHandler
../Startup/startup_XMC4700.S:505    .bss:00000140 VADC0_G1_2_IRQHandler
../Startup/startup_XMC4700.S:506    .bss:00000142 VADC0_G1_3_IRQHandler
../Startup/startup_XMC4700.S:507    .bss:00000144 VADC0_G2_0_IRQHandler
../Startup/startup_XMC4700.S:508    .bss:00000146 VADC0_G2_1_IRQHandler
../Startup/startup_XMC4700.S:509    .bss:00000148 VADC0_G2_2_IRQHandler
../Startup/startup_XMC4700.S:510    .bss:0000014a VADC0_G2_3_IRQHandler
../Startup/startup_XMC4700.S:511    .bss:0000014c VADC0_G3_0_IRQHandler
../Startup/startup_XMC4700.S:512    .bss:0000014e VADC0_G3_1_IRQHandler
../Startup/startup_XMC4700.S:513    .bss:00000150 VADC0_G3_2_IRQHandler
../Startup/startup_XMC4700.S:514    .bss:00000152 VADC0_G3_3_IRQHandler
../Startup/startup_XMC4700.S:515    .bss:00000154 DSD0_0_IRQHandler
../Startup/startup_XMC4700.S:516    .bss:00000156 DSD0_1_IRQHandler
../Startup/startup_XMC4700.S:517    .bss:00000158 DSD0_2_IRQHandler
../Startup/startup_XMC4700.S:518    .bss:0000015a DSD0_3_IRQHandler
../Startup/startup_XMC4700.S:519    .bss:0000015c DSD0_4_IRQHandler
../Startup/startup_XMC4700.S:520    .bss:0000015e DSD0_5_IRQHandler
../Startup/startup_XMC4700.S:521    .bss:00000160 DSD0_6_IRQHandler
../Startup/startup_XMC4700.S:522    .bss:00000162 DSD0_7_IRQHandler
../Startup/startup_XMC4700.S:523    .bss:00000164 DAC0_0_IRQHandler
../Startup/startup_XMC4700.S:524    .bss:00000166 DAC0_1_IRQHandler
../Startup/startup_XMC4700.S:525    .bss:00000168 CCU40_0_IRQHandler
../Startup/startup_XMC4700.S:526    .bss:0000016a CCU40_1_IRQHandler
../Startup/startup_XMC4700.S:527    .bss:0000016c CCU40_2_IRQHandler
../Startup/startup_XMC4700.S:528    .bss:0000016e CCU40_3_IRQHandler
../Startup/startup_XMC4700.S:529    .bss:00000170 CCU41_0_IRQHandler
../Startup/startup_XMC4700.S:530    .bss:00000172 CCU41_1_IRQHandler
../Startup/startup_XMC4700.S:531    .bss:00000174 CCU41_2_IRQHandler
../Startup/startup_XMC4700.S:532    .bss:00000176 CCU41_3_IRQHandler
../Startup/startup_XMC4700.S:533    .bss:00000178 CCU42_0_IRQHandler
../Startup/startup_XMC4700.S:534    .bss:0000017a CCU42_1_IRQHandler
../Startup/startup_XMC4700.S:535    .bss:0000017c CCU42_2_IRQHandler
../Startup/startup_XMC4700.S:536    .bss:0000017e CCU42_3_IRQHandler
../Startup/startup_XMC4700.S:537    .bss:00000180 CCU43_0_IRQHandler
../Startup/startup_XMC4700.S:538    .bss:00000182 CCU43_1_IRQHandler
../Startup/startup_XMC4700.S:539    .bss:00000184 CCU43_2_IRQHandler
../Startup/startup_XMC4700.S:540    .bss:00000186 CCU43_3_IRQHandler
../Startup/startup_XMC4700.S:541    .bss:00000188 CCU80_0_IRQHandler
../Startup/startup_XMC4700.S:542    .bss:0000018a CCU80_1_IRQHandler
../Startup/startup_XMC4700.S:543    .bss:0000018c CCU80_2_IRQHandler
../Startup/startup_XMC4700.S:544    .bss:0000018e CCU80_3_IRQHandler
../Startup/startup_XMC4700.S:545    .bss:00000190 CCU81_0_IRQHandler
../Startup/startup_XMC4700.S:546    .bss:00000192 CCU81_1_IRQHandler
../Startup/startup_XMC4700.S:547    .bss:00000194 CCU81_2_IRQHandler
../Startup/startup_XMC4700.S:548    .bss:00000196 CCU81_3_IRQHandler
../Startup/startup_XMC4700.S:549    .bss:00000198 POSIF0_0_IRQHandler
../Startup/startup_XMC4700.S:550    .bss:0000019a POSIF0_1_IRQHandler
../Startup/startup_XMC4700.S:551    .bss:0000019c POSIF1_0_IRQHandler
../Startup/startup_XMC4700.S:552    .bss:0000019e POSIF1_1_IRQHandler
../Startup/startup_XMC4700.S:553    .bss:000001a0 CAN0_0_IRQHandler
../Startup/startup_XMC4700.S:554    .bss:000001a2 CAN0_1_IRQHandler
../Startup/startup_XMC4700.S:555    .bss:000001a4 CAN0_2_IRQHandler
../Startup/startup_XMC4700.S:556    .bss:000001a6 CAN0_3_IRQHandler
../Startup/startup_XMC4700.S:557    .bss:000001a8 CAN0_4_IRQHandler
../Startup/startup_XMC4700.S:558    .bss:000001aa CAN0_5_IRQHandler
../Startup/startup_XMC4700.S:559    .bss:000001ac CAN0_6_IRQHandler
../Startup/startup_XMC4700.S:560    .bss:000001ae CAN0_7_IRQHandler
../Startup/startup_XMC4700.S:561    .bss:000001b0 USIC0_0_IRQHandler
../Startup/startup_XMC4700.S:562    .bss:000001b2 USIC0_1_IRQHandler
../Startup/startup_XMC4700.S:563    .bss:000001b4 USIC0_2_IRQHandler
../Startup/startup_XMC4700.S:564    .bss:000001b6 USIC0_3_IRQHandler
../Startup/startup_XMC4700.S:565    .bss:000001b8 USIC0_4_IRQHandler
../Startup/startup_XMC4700.S:566    .bss:000001ba USIC0_5_IRQHandler
../Startup/startup_XMC4700.S:567    .bss:000001bc USIC1_0_IRQHandler
../Startup/startup_XMC4700.S:568    .bss:000001be USIC1_1_IRQHandler
../Startup/startup_XMC4700.S:569    .bss:000001c0 USIC1_2_IRQHandler
../Startup/startup_XMC4700.S:570    .bss:000001c2 USIC1_3_IRQHandler
../Startup/startup_XMC4700.S:571    .bss:000001c4 USIC1_4_IRQHandler
../Startup/startup_XMC4700.S:572    .bss:000001c6 USIC1_5_IRQHandler
../Startup/startup_XMC4700.S:573    .bss:000001c8 USIC2_0_IRQHandler
../Startup/startup_XMC4700.S:574    .bss:000001ca USIC2_1_IRQHandler
../Startup/startup_XMC4700.S:575    .bss:000001cc USIC2_2_IRQHandler
../Startup/startup_XMC4700.S:576    .bss:000001ce USIC2_3_IRQHandler
../Startup/startup_XMC4700.S:577    .bss:000001d0 USIC2_4_IRQHandler
../Startup/startup_XMC4700.S:578    .bss:000001d2 USIC2_5_IRQHandler
../Startup/startup_XMC4700.S:579    .bss:000001d4 LEDTS0_0_IRQHandler
../Startup/startup_XMC4700.S:580    .bss:000001d6 FCE0_0_IRQHandler
../Startup/startup_XMC4700.S:581    .bss:000001d8 GPDMA0_0_IRQHandler
../Startup/startup_XMC4700.S:582    .bss:000001da SDMMC0_0_IRQHandler
../Startup/startup_XMC4700.S:583    .bss:000001dc USB0_0_IRQHandler
../Startup/startup_XMC4700.S:584    .bss:000001de ETH0_0_IRQHandler
../Startup/startup_XMC4700.S:585    .bss:000001e0 GPDMA1_0_IRQHandler
../Startup/startup_XMC4700.S:236    .reset:00000200 $t
../Startup/startup_XMC4700.S:240    *ABS*:48028014 LED_PORT
../Startup/startup_XMC4700.S:241    *ABS*:00000002 LED_MASK
../Startup/startup_XMC4700.S:408    .reset:00000274 __copy_table_start__
../Startup/startup_XMC4700.S:411    .reset:0000028c __copy_table_end__
../Startup/startup_XMC4700.S:413    .reset:0000028c __zero_table_start__
../Startup/startup_XMC4700.S:417    .reset:000002a4 __zero_table_end__
../Startup/startup_XMC4700.S:399    .reset:0000026e loop
../Startup/startup_XMC4700.S:407    .reset:00000274 $d
../Startup/startup_XMC4700.S:431    .reset:000002e8 $t
../Startup/startup_XMC4700.S:451    .bss:00000000 $d
../Startup/startup_XMC4700.S:452    .bss:00000000 stack1
../Startup/startup_XMC4700.S:455    .bss:00000080 stack2
../Startup/startup_XMC4700.S:459    .bss:00000100 $t
../Startup/startup_XMC4700.S:471    .bss:00000106 Default_Handler
../Startup/startup_XMC4700.S:472    .bss:00000106 $t
../Startup/startup_XMC4700.S:589    .bss:000001e2 $d
../Startup/startup_XMC4700.S:450    .reset:00000306 $d
                   .debug_aranges:0000000c $d

UNDEFINED SYMBOLS
__initial_sp
SystemInit
__libc_init_array
main
__data_load
__data_start
__data_size
__ram_code_load
__ram_code_start
__ram_code_size
__bss_start
__bss_size
USB_RAM_start
USB_RAM_size
ETH_RAM_start
ETH_RAM_size
f1
f2
